src/components/MonthMatrix.tsx(2,10): error TS1484: 'MonthData' is a type and must be imported using a type-only import when 'verbatimModuleSyntax' is enabled.
